[2026-07-30 10:59:31] Verificando 2 rastreo(s) activo(s) contra Shipday...
[2026-07-30 10:59:32]   [rastreo_links.id=53] servicio_id=1111 cliente='Gaby' -> orderId 51069353 (SERV-1111) ya no aparece entre las órdenes activas (hay otra(s) orden(es) con el mismo orderNumber, pero no esta). Marcado como 'eliminado'.
[2026-07-30 10:59:32] Sincronización terminada. Total marcados como eliminados: 1.
[2026-07-30 11:04:39] Verificando 1 rastreo(s) activo(s) contra Shipday...
[2026-07-30 11:04:40] Sincronización terminada. Total registros borrados: 0.
[2026-07-30 11:06:18] Verificando 2 rastreo(s) activo(s) contra Shipday...
[2026-07-30 11:06:20]   [rastreo_links.id=53] servicio_id=1111 cliente='Gaby' -> orderId 51069353 (SERV-1111) ya no aparece entre las órdenes activas (hay otra(s) orden(es) con el mismo orderNumber, pero no esta). Registro BORRADO de rastreo_links.
[2026-07-30 11:06:20] Sincronización terminada. Total registros borrados: 1.
[2026-07-31 04:32:00] No hay rastreos activos que verificar.
[2026-08-02 05:38:50] Verificando 2 rastreo(s) activo(s) contra Shipday...
[2026-08-02 05:38:50]   [rastreo_links.id=55] servicio_id=1111 cliente='Gaby' -> orderId 51114978 (SERV-1111) ya no aparece entre las órdenes activas (hay otra(s) orden(es) con el mismo orderNumber, pero no esta). Registro BORRADO de rastreo_links.
[2026-08-02 05:38:51]   [rastreo_links.id=56] servicio_id=1112 cliente='Casa del parque' -> SERV-1112 ya no existe en Shipday (array vacío). Registro BORRADO de rastreo_links.
[2026-08-02 05:38:51] Sincronización terminada. Total registros borrados: 2.
[2026-08-02 09:46:51] Verificando 1 rastreo(s) activo(s) contra Shipday...
[2026-08-02 09:46:52]   [rastreo_links.id=57] servicio_id=1112 cliente='Casa del parque' -> SERV-1112 ya no existe en Shipday (array vacío). Registro BORRADO de rastreo_links.
[2026-08-02 09:46:52] Sincronización terminada. Total registros borrados: 1.
[2026-08-02 10:16:23] Verificando 2 rastreo(s) activo(s) contra Shipday...
[2026-08-02 10:16:24]   [rastreo_links.id=58] servicio_id=1106 cliente='CIIMA Sustetable' -> SERV-1106 ya no existe en Shipday (array vacío). Registro BORRADO de rastreo_links.
[2026-08-02 10:16:25]   [rastreo_links.id=59] servicio_id=1112 cliente='Casa del parque' -> SERV-1112 ya no existe en Shipday (array vacío). Registro BORRADO de rastreo_links.
[2026-08-02 10:16:25] Sincronización terminada. Total registros borrados: 2.
[2026-08-05 19:51:31] Verificando 3 rastreo(s) activo(s) contra Shipday...
[2026-08-05 19:51:32]   [rastreo_links.id=62] servicio_id=1119 cliente='1' -> SERV-1119 ya no existe en Shipday (array vacío). Registro BORRADO de rastreo_links.
[2026-08-05 19:51:33]   [rastreo_links.id=63] servicio_id=1109 cliente='Ale novachef' -> orderId 51366199 (SERV-1109) ya no aparece entre las órdenes activas (hay otra(s) orden(es) con el mismo orderNumber, pero no esta). Registro BORRADO de rastreo_links.
[2026-08-05 19:51:34]   [rastreo_links.id=64] servicio_id=1118 cliente='Ale novachef' -> SERV-1118 ya no existe en Shipday (array vacío). Registro BORRADO de rastreo_links.
[2026-08-05 19:51:34] Sincronización terminada. Total registros borrados: 3.
[2026-08-06 07:20:03] Verificando 1 rastreo(s) activo(s) contra Shipday...
[2026-08-06 07:20:04]   [rastreo_links.id=66] servicio_id=1119 cliente='Alan Rodriguez ' -> SERV-1119 ya no existe en Shipday (array vacío). Registro BORRADO de rastreo_links.
[2026-08-06 07:20:04] Sincronización terminada. Total registros borrados: 1.
[2026-08-07 12:19:08] Verificando 1 rastreo(s) activo(s) contra Shipday...
[2026-08-07 12:19:09] Sincronización terminada. Total registros borrados: 0.
[2026-08-14 07:49:52] Verificando 1 rastreo(s) activo(s) contra Shipday...
[2026-08-14 07:49:52] Sincronización terminada. Total registros borrados: 0.
[2026-08-23 08:28:34] Verificando 1 rastreo(s) activo(s) contra Shipday...
[2026-08-23 08:28:34] Sincronización terminada. Total registros borrados: 0.
[2026-08-23 08:30:51] Verificando 1 rastreo(s) activo(s) contra Shipday...
[2026-08-23 08:30:51] Sincronización terminada. Total registros borrados: 0.
